%!Adobe-FontList 1.22
%Locale:0x409

%BeginFont
Handler:DirectoryHandler
FontType:Invalid
OutlineFileName:/Users/atrichter624/Desktop/Portfolio/original_files/resume/richterResumeAlt Folder/Document fonts/AdobeFnt22.lst
FileLength:6516
FileModTime:614047851
%EndFont

%BeginFont
Handler:DirectoryHandler
FontType:TrueType
FontName:Barlow-ExtraBold
FamilyName:Barlow
StyleName:ExtraBold
MenuName:Barlow ExtraBold
StyleBits:0
WeightClass:800
WidthClass:5
AngleClass:0
FullName:Barlow ExtraBold
WritingScript:Roman
OutlineFileName:/Users/atrichter624/Desktop/Portfolio/original_files/resume/richterResumeAlt Folder/Document fonts/Barlow-ExtraBold.ttf
DataFormat:sfntData
hasSVG:no
VariableFontType:NonVariableFont
FileLength:91856
FileModTime:530686800
NameArray:0,Mac,4,Barlow ExtraBold
NameArray:0,Win,1,Barlow ExtraBold
NameArray:0,Win,16,Barlow
%EndFont

%BeginFont
Handler:DirectoryHandler
FontType:TrueType
FontName:Barlow-ExtraBoldItalic
FamilyName:Barlow
StyleName:ExtraBold Italic
MenuName:Barlow ExtraBold
StyleBits:1
WeightClass:800
WidthClass:5
AngleClass:1
FullName:Barlow ExtraBold Italic
WritingScript:Roman
OutlineFileName:/Users/atrichter624/Desktop/Portfolio/original_files/resume/richterResumeAlt Folder/Document fonts/Barlow-ExtraBoldItalic.ttf
DataFormat:sfntData
hasSVG:no
VariableFontType:NonVariableFont
FileLength:93856
FileModTime:530686800
NameArray:0,Mac,4,Barlow ExtraBold Italic
NameArray:0,Win,1,Barlow ExtraBold
NameArray:0,Win,16,Barlow
%EndFont

%BeginFont
Handler:DirectoryHandler
FontType:TrueType
FontName:Barlow-ExtraLight
FamilyName:Barlow
StyleName:ExtraLight
MenuName:Barlow ExtraLight
StyleBits:0
WeightClass:275
WidthClass:5
AngleClass:0
FullName:Barlow ExtraLight
WritingScript:Roman
OutlineFileName:/Users/atrichter624/Desktop/Portfolio/original_files/resume/richterResumeAlt Folder/Document fonts/Barlow-ExtraLight.ttf
DataFormat:sfntData
hasSVG:no
VariableFontType:NonVariableFont
FileLength:83912
FileModTime:530686800
NameArray:0,Mac,4,Barlow ExtraLight
NameArray:0,Win,1,Barlow ExtraLight
NameArray:0,Win,16,Barlow
%EndFont

%BeginFont
Handler:DirectoryHandler
FontType:TrueType
FontName:Barlow-ExtraLightItalic
FamilyName:Barlow
StyleName:ExtraLight Italic
MenuName:Barlow ExtraLight
StyleBits:1
WeightClass:275
WidthClass:5
AngleClass:1
FullName:Barlow ExtraLight Italic
WritingScript:Roman
OutlineFileName:/Users/atrichter624/Desktop/Portfolio/original_files/resume/richterResumeAlt Folder/Document fonts/Barlow-ExtraLightItalic.ttf
DataFormat:sfntData
hasSVG:no
VariableFontType:NonVariableFont
FileLength:88880
FileModTime:530686800
NameArray:0,Mac,4,Barlow ExtraLight Italic
NameArray:0,Win,1,Barlow ExtraLight
NameArray:0,Win,16,Barlow
%EndFont

%BeginFont
Handler:DirectoryHandler
FontType:TrueType
FontName:Barlow-Light
FamilyName:Barlow
StyleName:Light
MenuName:Barlow Light
StyleBits:0
WeightClass:300
WidthClass:5
AngleClass:0
FullName:Barlow Light
WritingScript:Roman
OutlineFileName:/Users/atrichter624/Desktop/Portfolio/original_files/resume/richterResumeAlt Folder/Document fonts/Barlow-Light.ttf
DataFormat:sfntData
hasSVG:no
VariableFontType:NonVariableFont
FileLength:88676
FileModTime:530686800
NameArray:0,Mac,4,Barlow Light
NameArray:0,Win,1,Barlow Light
NameArray:0,Win,16,Barlow
%EndFont

%BeginFont
Handler:DirectoryHandler
FontType:TrueType
FontName:Barlow-LightItalic
FamilyName:Barlow
StyleName:Light Italic
MenuName:Barlow Light
StyleBits:1
WeightClass:300
WidthClass:5
AngleClass:1
FullName:Barlow Light Italic
WritingScript:Roman
OutlineFileName:/Users/atrichter624/Desktop/Portfolio/original_files/resume/richterResumeAlt Folder/Document fonts/Barlow-LightItalic.ttf
DataFormat:sfntData
hasSVG:no
VariableFontType:NonVariableFont
FileLength:91224
FileModTime:530686800
NameArray:0,Mac,4,Barlow Light Italic
NameArray:0,Win,1,Barlow Light
NameArray:0,Win,16,Barlow
%EndFont

%BeginFont
Handler:DirectoryHandler
FontType:TrueType
FontName:Barlow-Medium
FamilyName:Barlow
StyleName:Medium
MenuName:Barlow Medium
StyleBits:0
WeightClass:500
WidthClass:5
AngleClass:0
FullName:Barlow Medium
WritingScript:Roman
OutlineFileName:/Users/atrichter624/Desktop/Portfolio/original_files/resume/richterResumeAlt Folder/Document fonts/Barlow-Medium.ttf
DataFormat:sfntData
hasSVG:no
VariableFontType:NonVariableFont
FileLength:89352
FileModTime:530686800
NameArray:0,Mac,4,Barlow Medium
NameArray:0,Win,1,Barlow Medium
NameArray:0,Win,16,Barlow
%EndFont

%BeginFont
Handler:DirectoryHandler
FontType:TrueType
FontName:Barlow-MediumItalic
FamilyName:Barlow
StyleName:Medium Italic
MenuName:Barlow Medium
StyleBits:1
WeightClass:500
WidthClass:5
AngleClass:1
FullName:Barlow Medium Italic
WritingScript:Roman
OutlineFileName:/Users/atrichter624/Desktop/Portfolio/original_files/resume/richterResumeAlt Folder/Document fonts/Barlow-MediumItalic.ttf
DataFormat:sfntData
hasSVG:no
VariableFontType:NonVariableFont
FileLength:91284
FileModTime:530686800
NameArray:0,Mac,4,Barlow Medium Italic
NameArray:0,Win,1,Barlow Medium
NameArray:0,Win,16,Barlow
%EndFont

%BeginFont
Handler:DirectoryHandler
FontType:TrueType
FontName:Barlow-Regular
FamilyName:Barlow
StyleName:Regular
MenuName:Barlow
StyleBits:0
WeightClass:400
WidthClass:5
AngleClass:0
FullName:Barlow Regular
WritingScript:Roman
OutlineFileName:/Users/atrichter624/Desktop/Portfolio/original_files/resume/richterResumeAlt Folder/Document fonts/Barlow-Regular.ttf
DataFormat:sfntData
hasSVG:no
VariableFontType:NonVariableFont
FileLength:85664
FileModTime:530686800
NameArray:0,Mac,4,Barlow Regular
NameArray:0,Win,1,Barlow
%EndFont

%BeginFont
Handler:DirectoryHandler
FontType:TrueType
FontName:Barlow-SemiBold
FamilyName:Barlow
StyleName:SemiBold
MenuName:Barlow SemiBold
StyleBits:0
WeightClass:600
WidthClass:5
AngleClass:0
FullName:Barlow SemiBold
WritingScript:Roman
OutlineFileName:/Users/atrichter624/Desktop/Portfolio/original_files/resume/richterResumeAlt Folder/Document fonts/Barlow-SemiBold.ttf
DataFormat:sfntData
hasSVG:no
VariableFontType:NonVariableFont
FileLength:86468
FileModTime:530686800
NameArray:0,Mac,4,Barlow SemiBold
NameArray:0,Win,1,Barlow SemiBold
NameArray:0,Win,16,Barlow
%EndFont

%BeginFont
Handler:DirectoryHandler
FontType:TrueType
FontName:Barlow-SemiBoldItalic
FamilyName:Barlow
StyleName:SemiBold Italic
MenuName:Barlow SemiBold
StyleBits:1
WeightClass:600
WidthClass:5
AngleClass:1
FullName:Barlow SemiBold Italic
WritingScript:Roman
OutlineFileName:/Users/atrichter624/Desktop/Portfolio/original_files/resume/richterResumeAlt Folder/Document fonts/Barlow-SemiBoldItalic.ttf
DataFormat:sfntData
hasSVG:no
VariableFontType:NonVariableFont
FileLength:91576
FileModTime:530686800
NameArray:0,Mac,4,Barlow SemiBold Italic
NameArray:0,Win,1,Barlow SemiBold
NameArray:0,Win,16,Barlow
%EndFont

